[Sat Nov 10 20:57:05.726618 2018] [:error] [pid 3628:tid 944] [client ::1:58826] PHP Deprecated:  mysql_query(): The mysql extension is deprecated and will be removed in the future: use mysqli or PDO instead in C:\\Apache24\\htdocs\\sistema-noticias\\index.php on line 14
[Sat Nov 10 20:57:05.727616 2018] [:error] [pid 3628:tid 944] [client ::1:58826] PHP Warning:  mysql_query(): Access denied for user ''@'localhost' (using password: NO) in C:\\Apache24\\htdocs\\sistema-noticias\\index.php on line 14
[Sat Nov 10 20:57:05.728583 2018] [:error] [pid 3628:tid 944] [client ::1:58826] PHP Warning:  mysql_query(): A link to the server could not be established in C:\\Apache24\\htdocs\\sistema-noticias\\index.php on line 14
[Sat Nov 10 20:57:05.728583 2018] [:error] [pid 3628:tid 944] [client ::1:58826] PHP Warning:  mysql_fetch_array() expects parameter 1 to be resource, boolean given in C:\\Apache24\\htdocs\\sistema-noticias\\index.php on line 16
[Sat Nov 10 20:57:22.726325 2018] [:error] [pid 3628:tid 944] [client ::1:58851] PHP Deprecated:  mysql_query(): The mysql extension is deprecated and will be removed in the future: use mysqli or PDO instead in C:\\Apache24\\htdocs\\sistema-noticias\\index.php on line 14
[Sat Nov 10 20:57:22.729268 2018] [:error] [pid 3628:tid 944] [client ::1:58851] PHP Warning:  mysql_query(): Access denied for user ''@'localhost' (using password: NO) in C:\\Apache24\\htdocs\\sistema-noticias\\index.php on line 14
[Sat Nov 10 20:57:22.729268 2018] [:error] [pid 3628:tid 944] [client ::1:58851] PHP Warning:  mysql_query(): A link to the server could not be established in C:\\Apache24\\htdocs\\sistema-noticias\\index.php on line 14
[Sat Nov 10 20:57:22.729268 2018] [:error] [pid 3628:tid 944] [client ::1:58851] PHP Warning:  mysql_fetch_array() expects parameter 1 to be resource, boolean given in C:\\Apache24\\htdocs\\sistema-noticias\\index.php on line 16
[Sat Nov 10 20:57:36.261623 2018] [:error] [pid 3628:tid 944] [client ::1:58874] PHP Deprecated:  mysql_query(): The mysql extension is deprecated and will be removed in the future: use mysqli or PDO instead in C:\\Apache24\\htdocs\\sistema-noticias\\index.php on line 14
[Sat Nov 10 20:57:36.263589 2018] [:error] [pid 3628:tid 944] [client ::1:58874] PHP Warning:  mysql_query(): Access denied for user ''@'localhost' (using password: NO) in C:\\Apache24\\htdocs\\sistema-noticias\\index.php on line 14
[Sat Nov 10 20:57:36.264566 2018] [:error] [pid 3628:tid 944] [client ::1:58874] PHP Warning:  mysql_query(): A link to the server could not be established in C:\\Apache24\\htdocs\\sistema-noticias\\index.php on line 14
[Sat Nov 10 20:57:36.264566 2018] [:error] [pid 3628:tid 944] [client ::1:58874] PHP Warning:  mysql_fetch_array() expects parameter 1 to be resource, boolean given in C:\\Apache24\\htdocs\\sistema-noticias\\index.php on line 16
[Sat Nov 10 20:58:20.638634 2018] [:error] [pid 3628:tid 944] [client ::1:58935] PHP Parse error:  syntax error, unexpected 'include' (T_INCLUDE) in C:\\Apache24\\htdocs\\sistema-noticias\\index.php on line 3
[Sat Nov 10 20:58:31.185870 2018] [:error] [pid 3628:tid 944] [client ::1:58951] PHP Parse error:  syntax error, unexpected '=' in C:\\Apache24\\htdocs\\sistema-noticias\\index.php on line 32
[Sat Nov 10 20:58:41.545897 2018] [:error] [pid 3628:tid 944] [client ::1:58966] PHP Parse error:  syntax error, unexpected '=' in C:\\Apache24\\htdocs\\sistema-noticias\\index.php on line 32
[Sat Nov 10 20:58:56.226095 2018] [:error] [pid 3628:tid 944] [client ::1:58985] PHP Parse error:  syntax error, unexpected '$descricao_noticia' (T_VARIABLE) in C:\\Apache24\\htdocs\\sistema-noticias\\index.php on line 32
[Sat Nov 10 20:59:02.653199 2018] [:error] [pid 3628:tid 944] [client ::1:58996] PHP Parse error:  syntax error, unexpected '$descricao_noticia' (T_VARIABLE) in C:\\Apache24\\htdocs\\sistema-noticias\\index.php on line 32
[Sat Nov 10 20:59:03.694983 2018] [:error] [pid 3628:tid 944] [client ::1:58996] PHP Parse error:  syntax error, unexpected '$descricao_noticia' (T_VARIABLE) in C:\\Apache24\\htdocs\\sistema-noticias\\index.php on line 32
[Sat Nov 10 20:59:21.744758 2018] [:error] [pid 3628:tid 944] [client ::1:59023] PHP Parse error:  syntax error, unexpected '$descricao_noticia' (T_VARIABLE) in C:\\Apache24\\htdocs\\sistema-noticias\\index.php on line 32
[Sat Nov 10 20:59:27.314131 2018] [:error] [pid 3628:tid 944] [client ::1:59030] PHP Parse error:  syntax error, unexpected '}' in C:\\Apache24\\htdocs\\sistema-noticias\\index.php on line 37
[Sat Nov 10 20:59:58.511759 2018] [:error] [pid 3628:tid 944] [client ::1:59067] PHP Deprecated:  mysql_query(): The mysql extension is deprecated and will be removed in the future: use mysqli or PDO instead in C:\\Apache24\\htdocs\\sistema-noticias\\noticias-descricao.php on line 18, referer: http://localhost:8080/sistema-noticias/
[Sat Nov 10 20:59:58.511759 2018] [:error] [pid 3628:tid 944] [client ::1:59067] PHP Warning:  mysql_query(): Access denied for user ''@'localhost' (using password: NO) in C:\\Apache24\\htdocs\\sistema-noticias\\noticias-descricao.php on line 18, referer: http://localhost:8080/sistema-noticias/
[Sat Nov 10 20:59:58.512742 2018] [:error] [pid 3628:tid 944] [client ::1:59067] PHP Warning:  mysql_query(): A link to the server could not be established in C:\\Apache24\\htdocs\\sistema-noticias\\noticias-descricao.php on line 18, referer: http://localhost:8080/sistema-noticias/
[Sat Nov 10 20:59:58.512742 2018] [:error] [pid 3628:tid 944] [client ::1:59067] PHP Warning:  mysql_fetch_array() expects parameter 1 to be resource, boolean given in C:\\Apache24\\htdocs\\sistema-noticias\\noticias-descricao.php on line 20, referer: http://localhost:8080/sistema-noticias/
[Sat Nov 10 21:00:31.584642 2018] [:error] [pid 3628:tid 944] [client ::1:59127] PHP Deprecated:  mysql_query(): The mysql extension is deprecated and will be removed in the future: use mysqli or PDO instead in C:\\Apache24\\htdocs\\sistema-noticias\\noticias.php on line 22
[Sat Nov 10 21:00:31.585624 2018] [:error] [pid 3628:tid 944] [client ::1:59127] PHP Warning:  mysql_query(): Access denied for user ''@'localhost' (using password: NO) in C:\\Apache24\\htdocs\\sistema-noticias\\noticias.php on line 22
[Sat Nov 10 21:00:31.585624 2018] [:error] [pid 3628:tid 944] [client ::1:59127] PHP Warning:  mysql_query(): A link to the server could not be established in C:\\Apache24\\htdocs\\sistema-noticias\\noticias.php on line 22
[Sat Nov 10 21:00:31.585624 2018] [:error] [pid 3628:tid 944] [client ::1:59127] PHP Warning:  mysql_fetch_array() expects parameter 1 to be resource, boolean given in C:\\Apache24\\htdocs\\sistema-noticias\\noticias.php on line 24
[Sat Nov 10 21:00:39.894838 2018] [:error] [pid 3628:tid 944] [client ::1:59138] PHP Deprecated:  mysql_query(): The mysql extension is deprecated and will be removed in the future: use mysqli or PDO instead in C:\\Apache24\\htdocs\\sistema-noticias\\admin\\inc\\autenticacao.rotinas.php on line 16, referer: http://localhost:8080/sistema-noticias/admin/
[Sat Nov 10 21:00:39.894838 2018] [:error] [pid 3628:tid 944] [client ::1:59138] PHP Warning:  mysql_query(): Access denied for user ''@'localhost' (using password: NO) in C:\\Apache24\\htdocs\\sistema-noticias\\admin\\inc\\autenticacao.rotinas.php on line 16, referer: http://localhost:8080/sistema-noticias/admin/
[Sat Nov 10 21:00:39.894838 2018] [:error] [pid 3628:tid 944] [client ::1:59138] PHP Warning:  mysql_query(): A link to the server could not be established in C:\\Apache24\\htdocs\\sistema-noticias\\admin\\inc\\autenticacao.rotinas.php on line 16, referer: http://localhost:8080/sistema-noticias/admin/
[Sat Nov 10 21:00:39.894838 2018] [:error] [pid 3628:tid 944] [client ::1:59138] PHP Warning:  mysql_num_rows() expects parameter 1 to be resource, boolean given in C:\\Apache24\\htdocs\\sistema-noticias\\admin\\inc\\autenticacao.rotinas.php on line 17, referer: http://localhost:8080/sistema-noticias/admin/
[Sat Nov 10 21:00:52.856309 2018] [:error] [pid 3628:tid 944] [client ::1:59162] PHP Deprecated:  mysql_query(): The mysql extension is deprecated and will be removed in the future: use mysqli or PDO instead in C:\\Apache24\\htdocs\\sistema-noticias\\admin\\inc\\autenticacao.rotinas.php on line 16, referer: http://localhost:8080/sistema-noticias/admin/
[Sat Nov 10 21:00:52.856309 2018] [:error] [pid 3628:tid 944] [client ::1:59162] PHP Warning:  mysql_query(): Access denied for user ''@'localhost' (using password: NO) in C:\\Apache24\\htdocs\\sistema-noticias\\admin\\inc\\autenticacao.rotinas.php on line 16, referer: http://localhost:8080/sistema-noticias/admin/
[Sat Nov 10 21:00:52.856309 2018] [:error] [pid 3628:tid 944] [client ::1:59162] PHP Warning:  mysql_query(): A link to the server could not be established in C:\\Apache24\\htdocs\\sistema-noticias\\admin\\inc\\autenticacao.rotinas.php on line 16, referer: http://localhost:8080/sistema-noticias/admin/
[Sat Nov 10 21:00:52.856309 2018] [:error] [pid 3628:tid 944] [client ::1:59162] PHP Warning:  mysql_num_rows() expects parameter 1 to be resource, boolean given in C:\\Apache24\\htdocs\\sistema-noticias\\admin\\inc\\autenticacao.rotinas.php on line 17, referer: http://localhost:8080/sistema-noticias/admin/
[Sat Nov 10 21:03:45.686190 2018] [:error] [pid 3628:tid 944] [client ::1:59450] PHP Deprecated:  mysql_query(): The mysql extension is deprecated and will be removed in the future: use mysqli or PDO instead in C:\\Apache24\\htdocs\\sistema-noticias\\noticias-descricao.php on line 18, referer: http://localhost:8080/sistema-noticias/
[Sat Nov 10 21:03:45.687171 2018] [:error] [pid 3628:tid 944] [client ::1:59450] PHP Warning:  mysql_query(): Access denied for user ''@'localhost' (using password: NO) in C:\\Apache24\\htdocs\\sistema-noticias\\noticias-descricao.php on line 18, referer: http://localhost:8080/sistema-noticias/
[Sat Nov 10 21:03:45.687171 2018] [:error] [pid 3628:tid 944] [client ::1:59450] PHP Warning:  mysql_query(): A link to the server could not be established in C:\\Apache24\\htdocs\\sistema-noticias\\noticias-descricao.php on line 18, referer: http://localhost:8080/sistema-noticias/
[Sat Nov 10 21:03:45.687171 2018] [:error] [pid 3628:tid 944] [client ::1:59450] PHP Warning:  mysql_fetch_array() expects parameter 1 to be resource, boolean given in C:\\Apache24\\htdocs\\sistema-noticias\\noticias-descricao.php on line 20, referer: http://localhost:8080/sistema-noticias/
[Sat Nov 10 21:04:04.122986 2018] [:error] [pid 3628:tid 944] [client ::1:59479] PHP Deprecated:  mysql_query(): The mysql extension is deprecated and will be removed in the future: use mysqli or PDO instead in C:\\Apache24\\htdocs\\sistema-noticias\\noticias-descricao.php on line 20, referer: http://localhost:8080/sistema-noticias/
[Sat Nov 10 21:04:04.123493 2018] [:error] [pid 3628:tid 944] [client ::1:59479] PHP Warning:  mysql_query(): Access denied for user ''@'localhost' (using password: NO) in C:\\Apache24\\htdocs\\sistema-noticias\\noticias-descricao.php on line 20, referer: http://localhost:8080/sistema-noticias/
[Sat Nov 10 21:04:04.123493 2018] [:error] [pid 3628:tid 944] [client ::1:59479] PHP Warning:  mysql_query(): A link to the server could not be established in C:\\Apache24\\htdocs\\sistema-noticias\\noticias-descricao.php on line 20, referer: http://localhost:8080/sistema-noticias/
[Sat Nov 10 21:04:04.123493 2018] [:error] [pid 3628:tid 944] [client ::1:59479] PHP Warning:  mysql_fetch_array() expects parameter 1 to be resource, boolean given in C:\\Apache24\\htdocs\\sistema-noticias\\noticias-descricao.php on line 22, referer: http://localhost:8080/sistema-noticias/
[Sat Nov 10 21:04:50.098816 2018] [:error] [pid 3628:tid 944] [client ::1:59547] PHP Deprecated:  mysql_query(): The mysql extension is deprecated and will be removed in the future: use mysqli or PDO instead in C:\\Apache24\\htdocs\\sistema-noticias\\noticias-descricao.php on line 20, referer: http://localhost:8080/sistema-noticias/noticias.php
[Sat Nov 10 21:04:50.098816 2018] [:error] [pid 3628:tid 944] [client ::1:59547] PHP Warning:  mysql_query(): Access denied for user ''@'localhost' (using password: NO) in C:\\Apache24\\htdocs\\sistema-noticias\\noticias-descricao.php on line 20, referer: http://localhost:8080/sistema-noticias/noticias.php
[Sat Nov 10 21:04:50.098816 2018] [:error] [pid 3628:tid 944] [client ::1:59547] PHP Warning:  mysql_query(): A link to the server could not be established in C:\\Apache24\\htdocs\\sistema-noticias\\noticias-descricao.php on line 20, referer: http://localhost:8080/sistema-noticias/noticias.php
[Sat Nov 10 21:04:50.098816 2018] [:error] [pid 3628:tid 944] [client ::1:59547] PHP Warning:  mysql_fetch_array() expects parameter 1 to be resource, boolean given in C:\\Apache24\\htdocs\\sistema-noticias\\noticias-descricao.php on line 22, referer: http://localhost:8080/sistema-noticias/noticias.php
[Sat Nov 10 21:12:32.303599 2018] [:error] [pid 3628:tid 944] [client ::1:60192] PHP Deprecated:  mysql_query(): The mysql extension is deprecated and will be removed in the future: use mysqli or PDO instead in C:\\Apache24\\htdocs\\sistema-noticias\\admin\\inc\\autenticacao.rotinas.php on line 16, referer: http://localhost:8080/sistema-noticias/admin/
[Sat Nov 10 21:12:32.304580 2018] [:error] [pid 3628:tid 944] [client ::1:60192] PHP Warning:  mysql_query(): Access denied for user ''@'localhost' (using password: NO) in C:\\Apache24\\htdocs\\sistema-noticias\\admin\\inc\\autenticacao.rotinas.php on line 16, referer: http://localhost:8080/sistema-noticias/admin/
[Sat Nov 10 21:12:32.304580 2018] [:error] [pid 3628:tid 944] [client ::1:60192] PHP Warning:  mysql_query(): A link to the server could not be established in C:\\Apache24\\htdocs\\sistema-noticias\\admin\\inc\\autenticacao.rotinas.php on line 16, referer: http://localhost:8080/sistema-noticias/admin/
[Sat Nov 10 21:12:32.304580 2018] [:error] [pid 3628:tid 944] [client ::1:60192] PHP Warning:  mysql_num_rows() expects parameter 1 to be resource, boolean given in C:\\Apache24\\htdocs\\sistema-noticias\\admin\\inc\\autenticacao.rotinas.php on line 17, referer: http://localhost:8080/sistema-noticias/admin/
[Sat Nov 10 21:13:20.065474 2018] [:error] [pid 3628:tid 944] [client ::1:60263] PHP Warning:  mysql_result() expects parameter 1 to be resource, object given in C:\\Apache24\\htdocs\\sistema-noticias\\admin\\inc\\autenticacao.rotinas.php on line 23, referer: http://localhost:8080/sistema-noticias/admin/
[Sat Nov 10 21:13:20.066457 2018] [:error] [pid 3628:tid 944] [client ::1:60263] PHP Warning:  mysql_result() expects parameter 1 to be resource, object given in C:\\Apache24\\htdocs\\sistema-noticias\\admin\\inc\\autenticacao.rotinas.php on line 24, referer: http://localhost:8080/sistema-noticias/admin/
[Sat Nov 10 21:13:20.066457 2018] [:error] [pid 3628:tid 944] [client ::1:60263] PHP Warning:  mysql_close() expects parameter 1 to be resource, object given in C:\\Apache24\\htdocs\\sistema-noticias\\admin\\inc\\autenticacao.rotinas.php on line 27, referer: http://localhost:8080/sistema-noticias/admin/
[Sat Nov 10 21:15:27.803900 2018] [:error] [pid 3628:tid 944] [client ::1:60435] PHP Warning:  mysql_result() expects parameter 1 to be resource, object given in C:\\Apache24\\htdocs\\sistema-noticias\\admin\\inc\\autenticacao.rotinas.php on line 23, referer: http://localhost:8080/sistema-noticias/admin/
[Sat Nov 10 21:15:27.803900 2018] [:error] [pid 3628:tid 944] [client ::1:60435] PHP Warning:  mysql_result() expects parameter 1 to be resource, object given in C:\\Apache24\\htdocs\\sistema-noticias\\admin\\inc\\autenticacao.rotinas.php on line 24, referer: http://localhost:8080/sistema-noticias/admin/
[Sat Nov 10 21:15:27.803900 2018] [:error] [pid 3628:tid 944] [client ::1:60435] PHP Warning:  mysql_close() expects parameter 1 to be resource, object given in C:\\Apache24\\htdocs\\sistema-noticias\\admin\\inc\\autenticacao.rotinas.php on line 27, referer: http://localhost:8080/sistema-noticias/admin/
[Sat Nov 10 21:18:00.401810 2018] [:error] [pid 3628:tid 944] [client ::1:60649] PHP Parse error:  syntax error, unexpected 'session_start' (T_STRING) in C:\\Apache24\\htdocs\\sistema-noticias\\admin\\principal.php on line 2, referer: http://localhost:8080/sistema-noticias/admin/inc/autenticacao.rotinas.php
[Sat Nov 10 21:18:09.779292 2018] [:error] [pid 3628:tid 944] [client ::1:60662] PHP Parse error:  syntax error, unexpected '$query' (T_VARIABLE) in C:\\Apache24\\htdocs\\sistema-noticias\\admin\\principal.php on line 16, referer: http://localhost:8080/sistema-noticias/admin/inc/autenticacao.rotinas.php
[Sat Nov 10 21:18:19.935431 2018] [:error] [pid 3628:tid 944] [client ::1:60671] PHP Fatal error:  Call to undefined function mysqli_result() in C:\\Apache24\\htdocs\\sistema-noticias\\admin\\inc\\autenticacao.rotinas.php on line 23, referer: http://localhost:8080/sistema-noticias/admin/
[Sat Nov 10 21:19:32.464182 2018] [:error] [pid 3628:tid 944] [client ::1:60776] PHP Fatal error:  Call to undefined function mysqli_result() in C:\\Apache24\\htdocs\\sistema-noticias\\admin\\inc\\autenticacao.rotinas.php on line 23, referer: http://localhost:8080/sistema-noticias/admin/
[Sat Nov 10 21:19:35.259951 2018] [:error] [pid 3628:tid 944] [client ::1:60776] PHP Fatal error:  Call to undefined function mysqli_result() in C:\\Apache24\\htdocs\\sistema-noticias\\admin\\inc\\autenticacao.rotinas.php on line 23, referer: http://localhost:8080/sistema-noticias/admin/
[Sat Nov 10 21:19:59.812692 2018] [:error] [pid 3628:tid 944] [client ::1:60821] PHP Fatal error:  Call to undefined function mysqli_result() in C:\\Apache24\\htdocs\\sistema-noticias\\admin\\inc\\autenticacao.rotinas.php on line 23, referer: http://localhost:8080/sistema-noticias/admin/
[Sat Nov 10 21:20:45.324654 2018] [:error] [pid 3628:tid 944] [client ::1:60884] PHP Warning:  mysql_result() expects parameter 1 to be resource, object given in C:\\Apache24\\htdocs\\sistema-noticias\\admin\\inc\\autenticacao.rotinas.php on line 23, referer: http://localhost:8080/sistema-noticias/admin/
[Sat Nov 10 21:20:45.324654 2018] [:error] [pid 3628:tid 944] [client ::1:60884] PHP Warning:  mysql_result() expects parameter 1 to be resource, object given in C:\\Apache24\\htdocs\\sistema-noticias\\admin\\inc\\autenticacao.rotinas.php on line 24, referer: http://localhost:8080/sistema-noticias/admin/
[Sat Nov 10 21:20:49.412573 2018] [:error] [pid 3628:tid 944] [client ::1:60884] PHP Warning:  mysql_result() expects parameter 1 to be resource, object given in C:\\Apache24\\htdocs\\sistema-noticias\\admin\\inc\\autenticacao.rotinas.php on line 23, referer: http://localhost:8080/sistema-noticias/admin/
[Sat Nov 10 21:20:49.412573 2018] [:error] [pid 3628:tid 944] [client ::1:60884] PHP Warning:  mysql_result() expects parameter 1 to be resource, object given in C:\\Apache24\\htdocs\\sistema-noticias\\admin\\inc\\autenticacao.rotinas.php on line 24, referer: http://localhost:8080/sistema-noticias/admin/
[Sat Nov 10 21:22:05.839397 2018] [:error] [pid 3628:tid 944] [client ::1:61002] PHP Fatal error:  Call to undefined function mysqli_result() in C:\\Apache24\\htdocs\\sistema-noticias\\admin\\inc\\autenticacao.rotinas.php on line 23, referer: http://localhost:8080/sistema-noticias/admin/
[Sat Nov 10 21:23:28.614934 2018] [:error] [pid 3628:tid 944] [client ::1:61123] PHP Fatal error:  Call to undefined function mysqli_result() in C:\\Apache24\\htdocs\\sistema-noticias\\admin\\inc\\autenticacao.rotinas.php on line 24, referer: http://localhost:8080/sistema-noticias/admin/
[Sat Nov 10 21:23:30.787195 2018] [:error] [pid 3628:tid 944] [client ::1:61123] PHP Fatal error:  Call to undefined function mysqli_result() in C:\\Apache24\\htdocs\\sistema-noticias\\admin\\inc\\autenticacao.rotinas.php on line 24, referer: http://localhost:8080/sistema-noticias/admin/
[Sat Nov 10 21:23:41.779784 2018] [:error] [pid 3628:tid 944] [client ::1:61145] PHP Fatal error:  Call to undefined function mysqli_result() in C:\\Apache24\\htdocs\\sistema-noticias\\admin\\inc\\autenticacao.rotinas.php on line 23, referer: http://localhost:8080/sistema-noticias/admin/
[Sat Nov 10 21:24:10.746513 2018] [:error] [pid 3628:tid 944] [client ::1:61201] PHP Deprecated:  mysql_query(): The mysql extension is deprecated and will be removed in the future: use mysqli or PDO instead in C:\\Apache24\\htdocs\\index.php on line 57
[Sat Nov 10 21:24:10.746513 2018] [:error] [pid 3628:tid 944] [client ::1:61201] PHP Warning:  mysql_query(): Access denied for user ''@'localhost' (using password: NO) in C:\\Apache24\\htdocs\\index.php on line 57
[Sat Nov 10 21:24:10.746513 2018] [:error] [pid 3628:tid 944] [client ::1:61201] PHP Warning:  mysql_query(): A link to the server could not be established in C:\\Apache24\\htdocs\\index.php on line 57
[Sat Nov 10 21:24:10.746513 2018] [:error] [pid 3628:tid 944] [client ::1:61201] PHP Warning:  mysql_fetch_array() expects parameter 1 to be resource, boolean given in C:\\Apache24\\htdocs\\index.php on line 59
[Sat Nov 10 22:24:15.931872 2018] [:error] [pid 3628:tid 912] [client ::1:50888] PHP Notice:  Undefined variable: products in C:\\Apache24\\htdocs\\index.php on line 29, referer: http://localhost:8080/
[Sat Nov 10 22:24:15.931872 2018] [:error] [pid 3628:tid 912] [client ::1:50888] PHP Warning:  Invalid argument supplied for foreach() in C:\\Apache24\\htdocs\\index.php on line 29, referer: http://localhost:8080/
[Sat Nov 10 22:24:18.682633 2018] [:error] [pid 3628:tid 912] [client ::1:50888] PHP Notice:  Undefined variable: products in C:\\Apache24\\htdocs\\index.php on line 29, referer: http://localhost:8080/
[Sat Nov 10 22:24:18.682633 2018] [:error] [pid 3628:tid 912] [client ::1:50888] PHP Warning:  Invalid argument supplied for foreach() in C:\\Apache24\\htdocs\\index.php on line 29, referer: http://localhost:8080/
[Sat Nov 10 22:24:21.018364 2018] [:error] [pid 3628:tid 944] [client ::1:50895] PHP Notice:  Undefined variable: products in C:\\Apache24\\htdocs\\index.php on line 29, referer: http://localhost:8080/
[Sat Nov 10 22:24:21.018364 2018] [:error] [pid 3628:tid 944] [client ::1:50895] PHP Warning:  Invalid argument supplied for foreach() in C:\\Apache24\\htdocs\\index.php on line 29, referer: http://localhost:8080/
[Sat Nov 10 22:25:06.114715 2018] [:error] [pid 3628:tid 944] [client ::1:50958] PHP Notice:  Undefined variable: products in C:\\Apache24\\htdocs\\index.php on line 29, referer: http://localhost:8080/
[Sat Nov 10 22:25:06.114715 2018] [:error] [pid 3628:tid 944] [client ::1:50958] PHP Warning:  Invalid argument supplied for foreach() in C:\\Apache24\\htdocs\\index.php on line 29, referer: http://localhost:8080/
[Sat Nov 10 22:25:07.695783 2018] [:error] [pid 3628:tid 960] [client ::1:50961] PHP Notice:  Undefined variable: products in C:\\Apache24\\htdocs\\index.php on line 29, referer: http://localhost:8080/
[Sat Nov 10 22:25:07.695783 2018] [:error] [pid 3628:tid 960] [client ::1:50961] PHP Warning:  Invalid argument supplied for foreach() in C:\\Apache24\\htdocs\\index.php on line 29, referer: http://localhost:8080/
[Sat Nov 10 22:25:59.331365 2018] [:error] [pid 3628:tid 912] [client ::1:51037] PHP Notice:  Undefined variable: products in C:\\Apache24\\htdocs\\index.php on line 31, referer: http://localhost:8080/
[Sat Nov 10 22:25:59.331365 2018] [:error] [pid 3628:tid 912] [client ::1:51037] PHP Warning:  Invalid argument supplied for foreach() in C:\\Apache24\\htdocs\\index.php on line 31, referer: http://localhost:8080/
[Sat Nov 10 23:45:43.913829 2018] [:error] [pid 3628:tid 960] [client ::1:58682] script 'C:/Apache24/htdocs/cadastrar.php' not found or unable to stat, referer: http://localhost:8080/index.php
[Mon Nov 12 20:31:49.556004 2018] [:error] [pid 3628:tid 944] [client ::1:54308] PHP Notice:  Undefined variable: products1 in C:\\Apache24\\htdocs\\footer.php on line 6, referer: http://localhost:8080/
[Mon Nov 12 20:31:49.556004 2018] [:error] [pid 3628:tid 944] [client ::1:54308] PHP Warning:  Invalid argument supplied for foreach() in C:\\Apache24\\htdocs\\footer.php on line 6, referer: http://localhost:8080/
[Mon Nov 12 20:31:49.556004 2018] [:error] [pid 3628:tid 960] [client ::1:54314] PHP Notice:  Undefined variable: products2 in C:\\Apache24\\htdocs\\conteudo.php on line 7, referer: http://localhost:8080/
[Mon Nov 12 20:31:49.556004 2018] [:error] [pid 3628:tid 960] [client ::1:54314] PHP Warning:  Invalid argument supplied for foreach() in C:\\Apache24\\htdocs\\conteudo.php on line 7, referer: http://localhost:8080/
[Mon Nov 12 21:11:47.826572 2018] [:error] [pid 3628:tid 912] [client ::1:54577] PHP Notice:  Undefined variable: products1 in C:\\Apache24\\htdocs\\footer.php on line 6, referer: http://localhost:8080/
[Mon Nov 12 21:11:47.826572 2018] [:error] [pid 3628:tid 912] [client ::1:54577] PHP Warning:  Invalid argument supplied for foreach() in C:\\Apache24\\htdocs\\footer.php on line 6, referer: http://localhost:8080/
[Mon Nov 12 21:11:47.828534 2018] [:error] [pid 3628:tid 940] [client ::1:54581] PHP Notice:  Undefined variable: products2 in C:\\Apache24\\htdocs\\conteudo.php on line 7, referer: http://localhost:8080/
[Mon Nov 12 21:11:47.828534 2018] [:error] [pid 3628:tid 940] [client ::1:54581] PHP Warning:  Invalid argument supplied for foreach() in C:\\Apache24\\htdocs\\conteudo.php on line 7, referer: http://localhost:8080/
[Mon Nov 12 21:11:49.102627 2018] [:error] [pid 3628:tid 944] [client ::1:54576] PHP Notice:  Undefined variable: products1 in C:\\Apache24\\htdocs\\footer.php on line 6, referer: http://localhost:8080/
[Mon Nov 12 21:11:49.102627 2018] [:error] [pid 3628:tid 944] [client ::1:54576] PHP Warning:  Invalid argument supplied for foreach() in C:\\Apache24\\htdocs\\footer.php on line 6, referer: http://localhost:8080/
[Mon Nov 12 21:11:49.102627 2018] [:error] [pid 3628:tid 912] [client ::1:54577] PHP Notice:  Undefined variable: products2 in C:\\Apache24\\htdocs\\conteudo.php on line 7, referer: http://localhost:8080/
[Mon Nov 12 21:11:49.102627 2018] [:error] [pid 3628:tid 912] [client ::1:54577] PHP Warning:  Invalid argument supplied for foreach() in C:\\Apache24\\htdocs\\conteudo.php on line 7, referer: http://localhost:8080/
[Mon Nov 12 21:11:52.209691 2018] [:error] [pid 3628:tid 944] [client ::1:54576] PHP Notice:  Undefined variable: products1 in C:\\Apache24\\htdocs\\footer.php on line 6, referer: http://localhost:8080/
[Mon Nov 12 21:11:52.209691 2018] [:error] [pid 3628:tid 944] [client ::1:54576] PHP Warning:  Invalid argument supplied for foreach() in C:\\Apache24\\htdocs\\footer.php on line 6, referer: http://localhost:8080/
[Mon Nov 12 21:11:52.211655 2018] [:error] [pid 3628:tid 912] [client ::1:54577] PHP Notice:  Undefined variable: products2 in C:\\Apache24\\htdocs\\conteudo.php on line 7, referer: http://localhost:8080/
[Mon Nov 12 21:11:52.211655 2018] [:error] [pid 3628:tid 912] [client ::1:54577] PHP Warning:  Invalid argument supplied for foreach() in C:\\Apache24\\htdocs\\conteudo.php on line 7, referer: http://localhost:8080/
[Mon Nov 12 21:11:58.300099 2018] [:error] [pid 3628:tid 932] [client ::1:54603] PHP Notice:  Undefined variable: products1 in C:\\Apache24\\htdocs\\footer.php on line 6, referer: http://localhost:8080/
[Mon Nov 12 21:11:58.300099 2018] [:error] [pid 3628:tid 932] [client ::1:54603] PHP Warning:  Invalid argument supplied for foreach() in C:\\Apache24\\htdocs\\footer.php on line 6, referer: http://localhost:8080/
[Mon Nov 12 21:11:58.301080 2018] [:error] [pid 3628:tid 912] [client ::1:54605] PHP Notice:  Undefined variable: products2 in C:\\Apache24\\htdocs\\conteudo.php on line 7, referer: http://localhost:8080/
[Mon Nov 12 21:11:58.301080 2018] [:error] [pid 3628:tid 912] [client ::1:54605] PHP Warning:  Invalid argument supplied for foreach() in C:\\Apache24\\htdocs\\conteudo.php on line 7, referer: http://localhost:8080/
[Mon Nov 12 21:11:59.979818 2018] [:error] [pid 3628:tid 912] [client ::1:54605] PHP Notice:  Undefined variable: products1 in C:\\Apache24\\htdocs\\footer.php on line 6, referer: http://localhost:8080/
[Mon Nov 12 21:11:59.979818 2018] [:error] [pid 3628:tid 912] [client ::1:54605] PHP Warning:  Invalid argument supplied for foreach() in C:\\Apache24\\htdocs\\footer.php on line 6, referer: http://localhost:8080/
[Mon Nov 12 21:11:59.980810 2018] [:error] [pid 3628:tid 928] [client ::1:54602] PHP Notice:  Undefined variable: products2 in C:\\Apache24\\htdocs\\conteudo.php on line 7, referer: http://localhost:8080/
[Mon Nov 12 21:11:59.980810 2018] [:error] [pid 3628:tid 928] [client ::1:54602] PHP Warning:  Invalid argument supplied for foreach() in C:\\Apache24\\htdocs\\conteudo.php on line 7, referer: http://localhost:8080/
[Mon Nov 12 21:12:01.797692 2018] [:error] [pid 3628:tid 944] [client ::1:54613] PHP Notice:  Undefined variable: products1 in C:\\Apache24\\htdocs\\footer.php on line 6, referer: http://localhost:8080/
[Mon Nov 12 21:12:01.797692 2018] [:error] [pid 3628:tid 944] [client ::1:54613] PHP Warning:  Invalid argument supplied for foreach() in C:\\Apache24\\htdocs\\footer.php on line 6, referer: http://localhost:8080/
[Mon Nov 12 21:12:01.800636 2018] [:error] [pid 3628:tid 912] [client ::1:54605] PHP Notice:  Undefined variable: products2 in C:\\Apache24\\htdocs\\conteudo.php on line 7, referer: http://localhost:8080/
[Mon Nov 12 21:12:01.800636 2018] [:error] [pid 3628:tid 912] [client ::1:54605] PHP Warning:  Invalid argument supplied for foreach() in C:\\Apache24\\htdocs\\conteudo.php on line 7, referer: http://localhost:8080/
[Mon Nov 12 21:15:03.655392 2018] [:error] [pid 3628:tid 928] [client ::1:54871] PHP Notice:  Undefined variable: products2 in C:\\Apache24\\htdocs\\conteudo.php on line 7, referer: http://localhost:8080/
[Mon Nov 12 21:15:03.655392 2018] [:error] [pid 3628:tid 928] [client ::1:54871] PHP Warning:  Invalid argument supplied for foreach() in C:\\Apache24\\htdocs\\conteudo.php on line 7, referer: http://localhost:8080/
[Mon Nov 12 21:15:03.655392 2018] [:error] [pid 3628:tid 932] [client ::1:54870] PHP Notice:  Undefined variable: products2 in C:\\Apache24\\htdocs\\racao.php on line 7, referer: http://localhost:8080/
[Mon Nov 12 21:15:03.656374 2018] [:error] [pid 3628:tid 932] [client ::1:54870] PHP Warning:  Invalid argument supplied for foreach() in C:\\Apache24\\htdocs\\racao.php on line 7, referer: http://localhost:8080/
[Mon Nov 12 21:15:08.238780 2018] [:error] [pid 3628:tid 928] [client ::1:54871] PHP Notice:  Undefined variable: products2 in C:\\Apache24\\htdocs\\conteudo.php on line 7, referer: http://localhost:8080/
[Mon Nov 12 21:15:08.238780 2018] [:error] [pid 3628:tid 928] [client ::1:54871] PHP Warning:  Invalid argument supplied for foreach() in C:\\Apache24\\htdocs\\conteudo.php on line 7, referer: http://localhost:8080/
[Mon Nov 12 21:15:08.238780 2018] [:error] [pid 3628:tid 944] [client ::1:54872] PHP Notice:  Undefined variable: products2 in C:\\Apache24\\htdocs\\racao.php on line 7, referer: http://localhost:8080/
[Mon Nov 12 21:15:08.238780 2018] [:error] [pid 3628:tid 944] [client ::1:54872] PHP Warning:  Invalid argument supplied for foreach() in C:\\Apache24\\htdocs\\racao.php on line 7, referer: http://localhost:8080/
[Mon Nov 12 21:15:28.205135 2018] [:error] [pid 3628:tid 960] [client ::1:54916] PHP Notice:  Undefined variable: products2 in C:\\Apache24\\htdocs\\conteudo.php on line 7, referer: http://localhost:8080/
[Mon Nov 12 21:15:28.205135 2018] [:error] [pid 3628:tid 960] [client ::1:54916] PHP Warning:  Invalid argument supplied for foreach() in C:\\Apache24\\htdocs\\conteudo.php on line 7, referer: http://localhost:8080/
[Mon Nov 12 21:15:28.206117 2018] [:error] [pid 3628:tid 912] [client ::1:54915] PHP Notice:  Undefined variable: products2 in C:\\Apache24\\htdocs\\racao.php on line 7, referer: http://localhost:8080/
[Mon Nov 12 21:15:28.206117 2018] [:error] [pid 3628:tid 912] [client ::1:54915] PHP Warning:  Invalid argument supplied for foreach() in C:\\Apache24\\htdocs\\racao.php on line 7, referer: http://localhost:8080/
[Mon Nov 12 21:15:53.326072 2018] [:error] [pid 3628:tid 928] [client ::1:54955] PHP Notice:  Undefined variable: products2 in C:\\Apache24\\htdocs\\racao.php on line 7, referer: http://localhost:8080/
[Mon Nov 12 21:15:53.326072 2018] [:error] [pid 3628:tid 928] [client ::1:54955] PHP Warning:  Invalid argument supplied for foreach() in C:\\Apache24\\htdocs\\racao.php on line 7, referer: http://localhost:8080/
[Mon Nov 12 21:15:55.065884 2018] [:error] [pid 3628:tid 932] [client ::1:54952] PHP Notice:  Undefined variable: products2 in C:\\Apache24\\htdocs\\racao.php on line 7, referer: http://localhost:8080/
[Mon Nov 12 21:15:55.065884 2018] [:error] [pid 3628:tid 932] [client ::1:54952] PHP Warning:  Invalid argument supplied for foreach() in C:\\Apache24\\htdocs\\racao.php on line 7, referer: http://localhost:8080/
[Mon Nov 12 21:16:14.381086 2018] [:error] [pid 3628:tid 912] [client ::1:54996] PHP Notice:  Undefined variable: products2 in C:\\Apache24\\htdocs\\racao.php on line 7, referer: http://localhost:8080/
[Mon Nov 12 21:16:14.381086 2018] [:error] [pid 3628:tid 912] [client ::1:54996] PHP Warning:  Invalid argument supplied for foreach() in C:\\Apache24\\htdocs\\racao.php on line 7, referer: http://localhost:8080/
[Tue Nov 13 23:51:29.971366 2018] [:error] [pid 3628:tid 912] [client ::1:56599] script 'C:/Apache24/htdocs/paginas/header.php' not found or unable to stat, referer: http://localhost:8080/
[Tue Nov 13 23:51:29.973328 2018] [:error] [pid 3628:tid 928] [client ::1:56603] script 'C:/Apache24/htdocs/paginas/slide.php' not found or unable to stat, referer: http://localhost:8080/
[Tue Nov 13 23:51:29.974308 2018] [:error] [pid 3628:tid 940] [client ::1:56604] script 'C:/Apache24/htdocs/paginas/footer.php' not found or unable to stat, referer: http://localhost:8080/
[Tue Nov 13 23:51:29.975290 2018] [:error] [pid 3628:tid 912] [client ::1:56599] script 'C:/Apache24/htdocs/paginas/info_racao.php' not found or unable to stat, referer: http://localhost:8080/
[Tue Nov 13 23:51:29.975290 2018] [:error] [pid 3628:tid 960] [client ::1:56605] script 'C:/Apache24/htdocs/paginas/conteudo.php' not found or unable to stat, referer: http://localhost:8080/
[Tue Nov 13 23:51:29.976271 2018] [:error] [pid 3628:tid 944] [client ::1:56606] script 'C:/Apache24/htdocs/paginas/info_medicamento.php' not found or unable to stat, referer: http://localhost:8080/
[Tue Nov 13 23:51:29.977254 2018] [:error] [pid 3628:tid 932] [client ::1:56598] script 'C:/Apache24/htdocs/paginas/info_index.php' not found or unable to stat, referer: http://localhost:8080/
[Tue Nov 13 23:51:33.496268 2018] [:error] [pid 3628:tid 944] [client ::1:56606] script 'C:/Apache24/htdocs/paginas/header.php' not found or unable to stat, referer: http://localhost:8080/
[Tue Nov 13 23:51:33.497250 2018] [:error] [pid 3628:tid 960] [client ::1:56605] script 'C:/Apache24/htdocs/paginas/slide.php' not found or unable to stat, referer: http://localhost:8080/
[Tue Nov 13 23:51:33.498232 2018] [:error] [pid 3628:tid 912] [client ::1:56599] script 'C:/Apache24/htdocs/paginas/footer.php' not found or unable to stat, referer: http://localhost:8080/
[Tue Nov 13 23:51:33.499212 2018] [:error] [pid 3628:tid 940] [client ::1:56604] script 'C:/Apache24/htdocs/paginas/conteudo.php' not found or unable to stat, referer: http://localhost:8080/
[Tue Nov 13 23:51:33.500194 2018] [:error] [pid 3628:tid 932] [client ::1:56598] script 'C:/Apache24/htdocs/paginas/info_racao.php' not found or unable to stat, referer: http://localhost:8080/
[Tue Nov 13 23:51:33.502157 2018] [:error] [pid 3628:tid 960] [client ::1:56605] script 'C:/Apache24/htdocs/paginas/info_medicamento.php' not found or unable to stat, referer: http://localhost:8080/
[Tue Nov 13 23:51:33.502157 2018] [:error] [pid 3628:tid 944] [client ::1:56606] script 'C:/Apache24/htdocs/paginas/info_index.php' not found or unable to stat, referer: http://localhost:8080/
[Tue Nov 13 23:51:35.101741 2018] [:error] [pid 3628:tid 960] [client ::1:56605] script 'C:/Apache24/htdocs/paginas/header.php' not found or unable to stat, referer: http://localhost:8080/
[Tue Nov 13 23:51:35.102722 2018] [:error] [pid 3628:tid 932] [client ::1:56598] script 'C:/Apache24/htdocs/paginas/slide.php' not found or unable to stat, referer: http://localhost:8080/
[Tue Nov 13 23:51:35.106647 2018] [:error] [pid 3628:tid 932] [client ::1:56598] script 'C:/Apache24/htdocs/paginas/footer.php' not found or unable to stat, referer: http://localhost:8080/
[Tue Nov 13 23:51:35.106647 2018] [:error] [pid 3628:tid 944] [client ::1:56606] script 'C:/Apache24/htdocs/paginas/conteudo.php' not found or unable to stat, referer: http://localhost:8080/
[Tue Nov 13 23:51:35.106647 2018] [:error] [pid 3628:tid 960] [client ::1:56605] script 'C:/Apache24/htdocs/paginas/info_racao.php' not found or unable to stat, referer: http://localhost:8080/
[Tue Nov 13 23:51:35.107629 2018] [:error] [pid 3628:tid 940] [client ::1:56604] script 'C:/Apache24/htdocs/paginas/info_medicamento.php' not found or unable to stat, referer: http://localhost:8080/
[Tue Nov 13 23:51:35.107629 2018] [:error] [pid 3628:tid 912] [client ::1:56599] script 'C:/Apache24/htdocs/paginas/info_index.php' not found or unable to stat, referer: http://localhost:8080/
[Tue Nov 13 23:52:00.462918 2018] [:error] [pid 3628:tid 960] [client ::1:56613] PHP Notice:  Undefined variable: products2 in C:\\Apache24\\htdocs\\racao.php on line 7, referer: http://localhost:8080/
[Tue Nov 13 23:52:00.462918 2018] [:error] [pid 3628:tid 960] [client ::1:56613] PHP Warning:  Invalid argument supplied for foreach() in C:\\Apache24\\htdocs\\racao.php on line 7, referer: http://localhost:8080/
[Tue Nov 13 23:52:03.149739 2018] [:error] [pid 3628:tid 928] [client ::1:56614] PHP Notice:  Undefined variable: products2 in C:\\Apache24\\htdocs\\racao.php on line 7, referer: http://localhost:8080/
[Tue Nov 13 23:52:03.150720 2018] [:error] [pid 3628:tid 928] [client ::1:56614] PHP Warning:  Invalid argument supplied for foreach() in C:\\Apache24\\htdocs\\racao.php on line 7, referer: http://localhost:8080/
[Tue Nov 13 23:52:27.954437 2018] [:error] [pid 3628:tid 960] [client ::1:56627] PHP Notice:  Undefined variable: products2 in C:\\Apache24\\htdocs\\racao.php on line 7, referer: http://localhost:8080/
[Tue Nov 13 23:52:27.954437 2018] [:error] [pid 3628:tid 960] [client ::1:56627] PHP Warning:  Invalid argument supplied for foreach() in C:\\Apache24\\htdocs\\racao.php on line 7, referer: http://localhost:8080/
[Tue Nov 13 23:52:30.297763 2018] [:error] [pid 3628:tid 940] [client ::1:56632] PHP Notice:  Undefined variable: products2 in C:\\Apache24\\htdocs\\racao.php on line 7, referer: http://localhost:8080/
[Tue Nov 13 23:52:30.297763 2018] [:error] [pid 3628:tid 940] [client ::1:56632] PHP Warning:  Invalid argument supplied for foreach() in C:\\Apache24\\htdocs\\racao.php on line 7, referer: http://localhost:8080/
[Tue Nov 13 23:54:38.891401 2018] [:error] [pid 3628:tid 960] [client ::1:56669] PHP Notice:  Undefined variable: products2 in C:\\Apache24\\htdocs\\racao.php on line 7, referer: http://localhost:8080/
[Tue Nov 13 23:54:38.891401 2018] [:error] [pid 3628:tid 960] [client ::1:56669] PHP Warning:  Invalid argument supplied for foreach() in C:\\Apache24\\htdocs\\racao.php on line 7, referer: http://localhost:8080/
[Tue Nov 13 23:54:40.300200 2018] [:error] [pid 3628:tid 944] [client ::1:56665] PHP Notice:  Undefined variable: products2 in C:\\Apache24\\htdocs\\racao.php on line 7, referer: http://localhost:8080/
[Tue Nov 13 23:54:40.300200 2018] [:error] [pid 3628:tid 944] [client ::1:56665] PHP Warning:  Invalid argument supplied for foreach() in C:\\Apache24\\htdocs\\racao.php on line 7, referer: http://localhost:8080/
[Tue Nov 13 23:58:16.037692 2018] [:error] [pid 3628:tid 928] [client ::1:56685] script 'C:/Apache24/htdocs/paginas/pg_conteudo.php' not found or unable to stat, referer: http://localhost:8080/
[Tue Nov 13 23:58:16.038672 2018] [:error] [pid 3628:tid 940] [client ::1:56679] script 'C:/Apache24/htdocs/paginas/pg_racao.php' not found or unable to stat, referer: http://localhost:8080/
[Tue Nov 13 23:58:16.039654 2018] [:error] [pid 3628:tid 944] [client ::1:56686] script 'C:/Apache24/htdocs/paginas/pg_medicamento.php' not found or unable to stat, referer: http://localhost:8080/
[Tue Nov 13 23:58:18.730452 2018] [:error] [pid 3628:tid 932] [client ::1:56684] script 'C:/Apache24/htdocs/paginas/pg_conteudo.php' not found or unable to stat, referer: http://localhost:8080/
[Tue Nov 13 23:58:18.730452 2018] [:error] [pid 3628:tid 940] [client ::1:56679] script 'C:/Apache24/htdocs/paginas/pg_racao.php' not found or unable to stat, referer: http://localhost:8080/
[Tue Nov 13 23:58:18.731433 2018] [:error] [pid 3628:tid 944] [client ::1:56686] script 'C:/Apache24/htdocs/paginas/pg_medicamento.php' not found or unable to stat, referer: http://localhost:8080/
[Tue Nov 13 23:59:49.716614 2018] [:error] [pid 3628:tid 912] [client ::1:56743] script 'C:/Apache24/htdocs/paginas/pg_conteudo.php' not found or unable to stat, referer: http://localhost:8080/
[Tue Nov 13 23:59:49.718512 2018] [:error] [pid 3628:tid 940] [client ::1:56744] script 'C:/Apache24/htdocs/paginas/pg_racao.php' not found or unable to stat, referer: http://localhost:8080/
[Tue Nov 13 23:59:49.719494 2018] [:error] [pid 3628:tid 944] [client ::1:56742] script 'C:/Apache24/htdocs/paginas/pg_medicamento.php' not found or unable to stat, referer: http://localhost:8080/
[Tue Nov 13 23:59:52.161388 2018] [:error] [pid 3628:tid 912] [client ::1:56743] script 'C:/Apache24/htdocs/paginas/pg_conteudo.php' not found or unable to stat, referer: http://localhost:8080/
[Tue Nov 13 23:59:52.161388 2018] [:error] [pid 3628:tid 928] [client ::1:56737] script 'C:/Apache24/htdocs/paginas/pg_racao.php' not found or unable to stat, referer: http://localhost:8080/
[Tue Nov 13 23:59:52.162368 2018] [:error] [pid 3628:tid 960] [client ::1:56745] script 'C:/Apache24/htdocs/paginas/pg_medicamento.php' not found or unable to stat, referer: http://localhost:8080/
[Wed Nov 14 00:00:17.295349 2018] [:error] [pid 3628:tid 960] [client ::1:56749] PHP Notice:  Undefined variable: products2 in C:\\Apache24\\htdocs\\racao.php on line 7, referer: http://localhost:8080/
[Wed Nov 14 00:00:17.295349 2018] [:error] [pid 3628:tid 960] [client ::1:56749] PHP Warning:  Invalid argument supplied for foreach() in C:\\Apache24\\htdocs\\racao.php on line 7, referer: http://localhost:8080/
[Wed Nov 14 00:00:17.297311 2018] [:error] [pid 3628:tid 912] [client ::1:56753] script 'C:/Apache24/htdocs/principal.php' not found or unable to stat, referer: http://localhost:8080/
[Wed Nov 14 00:00:19.446161 2018] [:error] [pid 3628:tid 932] [client ::1:56754] PHP Notice:  Undefined variable: products2 in C:\\Apache24\\htdocs\\racao.php on line 7, referer: http://localhost:8080/
[Wed Nov 14 00:00:19.446161 2018] [:error] [pid 3628:tid 932] [client ::1:56754] PHP Warning:  Invalid argument supplied for foreach() in C:\\Apache24\\htdocs\\racao.php on line 7, referer: http://localhost:8080/
[Wed Nov 14 00:00:19.447142 2018] [:error] [pid 3628:tid 944] [client ::1:56757] script 'C:/Apache24/htdocs/principal.php' not found or unable to stat, referer: http://localhost:8080/
[Wed Nov 14 00:01:50.672026 2018] [:error] [pid 3628:tid 932] [client ::1:56768] PHP Notice:  Undefined variable: products2 in C:\\Apache24\\htdocs\\racao.php on line 7, referer: http://localhost:8080/
[Wed Nov 14 00:01:50.672026 2018] [:error] [pid 3628:tid 932] [client ::1:56768] PHP Warning:  Invalid argument supplied for foreach() in C:\\Apache24\\htdocs\\racao.php on line 7, referer: http://localhost:8080/
[Wed Nov 14 00:01:53.872407 2018] [:error] [pid 3628:tid 932] [client ::1:56768] PHP Notice:  Undefined variable: products2 in C:\\Apache24\\htdocs\\racao.php on line 7, referer: http://localhost:8080/
[Wed Nov 14 00:01:53.872407 2018] [:error] [pid 3628:tid 932] [client ::1:56768] PHP Warning:  Invalid argument supplied for foreach() in C:\\Apache24\\htdocs\\racao.php on line 7, referer: http://localhost:8080/
[Wed Nov 14 00:01:56.993081 2018] [:error] [pid 3628:tid 944] [client ::1:56769] PHP Notice:  Undefined variable: products2 in C:\\Apache24\\htdocs\\racao.php on line 7, referer: http://localhost:8080/
[Wed Nov 14 00:01:56.993081 2018] [:error] [pid 3628:tid 944] [client ::1:56769] PHP Warning:  Invalid argument supplied for foreach() in C:\\Apache24\\htdocs\\racao.php on line 7, referer: http://localhost:8080/
[Wed Nov 14 00:05:42.996619 2018] [:error] [pid 3628:tid 960] [client ::1:56968] script 'C:/Apache24/htdocs/conteudo.php' not found or unable to stat, referer: http://localhost:8080/
[Wed Nov 14 00:05:42.998581 2018] [:error] [pid 3628:tid 940] [client ::1:56974] PHP Notice:  Undefined variable: products2 in C:\\Apache24\\htdocs\\paginas\\pg_racao.php on line 7, referer: http://localhost:8080/
[Wed Nov 14 00:05:42.998581 2018] [:error] [pid 3628:tid 940] [client ::1:56974] PHP Warning:  Invalid argument supplied for foreach() in C:\\Apache24\\htdocs\\paginas\\pg_racao.php on line 7, referer: http://localhost:8080/
[Wed Nov 14 00:05:45.501793 2018] [:error] [pid 3628:tid 932] [client ::1:56973] script 'C:/Apache24/htdocs/conteudo.php' not found or unable to stat, referer: http://localhost:8080/
[Wed Nov 14 00:05:45.503755 2018] [:error] [pid 3628:tid 944] [client ::1:56975] PHP Notice:  Undefined variable: products2 in C:\\Apache24\\htdocs\\paginas\\pg_racao.php on line 7, referer: http://localhost:8080/
[Wed Nov 14 00:05:45.503755 2018] [:error] [pid 3628:tid 944] [client ::1:56975] PHP Warning:  Invalid argument supplied for foreach() in C:\\Apache24\\htdocs\\paginas\\pg_racao.php on line 7, referer: http://localhost:8080/
[Wed Nov 14 00:05:47.419185 2018] [:error] [pid 3628:tid 944] [client ::1:56975] script 'C:/Apache24/htdocs/conteudo.php' not found or unable to stat, referer: http://localhost:8080/
[Wed Nov 14 00:05:47.421147 2018] [:error] [pid 3628:tid 912] [client ::1:56969] PHP Notice:  Undefined variable: products2 in C:\\Apache24\\htdocs\\paginas\\pg_racao.php on line 7, referer: http://localhost:8080/
[Wed Nov 14 00:05:47.421147 2018] [:error] [pid 3628:tid 912] [client ::1:56969] PHP Warning:  Invalid argument supplied for foreach() in C:\\Apache24\\htdocs\\paginas\\pg_racao.php on line 7, referer: http://localhost:8080/
[Wed Nov 14 00:06:29.605614 2018] [:error] [pid 3628:tid 960] [client ::1:57042] script 'C:/Apache24/htdocs/conteudo.php' not found or unable to stat, referer: http://localhost:8080/
[Wed Nov 14 00:06:29.607577 2018] [:error] [pid 3628:tid 944] [client ::1:57049] PHP Notice:  Undefined variable: products2 in C:\\Apache24\\htdocs\\paginas\\pg_racao.php on line 7, referer: http://localhost:8080/
[Wed Nov 14 00:06:29.607577 2018] [:error] [pid 3628:tid 944] [client ::1:57049] PHP Warning:  Invalid argument supplied for foreach() in C:\\Apache24\\htdocs\\paginas\\pg_racao.php on line 7, referer: http://localhost:8080/
[Wed Nov 14 00:06:31.816150 2018] [:error] [pid 3628:tid 928] [client ::1:57043] script 'C:/Apache24/htdocs/conteudo.php' not found or unable to stat, referer: http://localhost:8080/
[Wed Nov 14 00:06:31.816150 2018] [:error] [pid 3628:tid 944] [client ::1:57049] PHP Notice:  Undefined variable: products2 in C:\\Apache24\\htdocs\\paginas\\pg_racao.php on line 7, referer: http://localhost:8080/
[Wed Nov 14 00:06:31.816150 2018] [:error] [pid 3628:tid 944] [client ::1:57049] PHP Warning:  Invalid argument supplied for foreach() in C:\\Apache24\\htdocs\\paginas\\pg_racao.php on line 7, referer: http://localhost:8080/
[Wed Nov 14 00:06:47.938688 2018] [:error] [pid 3628:tid 928] [client ::1:57079] script 'C:/Apache24/htdocs/conteudo.php' not found or unable to stat, referer: http://localhost:8080/
[Wed Nov 14 00:06:47.939670 2018] [:error] [pid 3628:tid 932] [client ::1:57078] PHP Notice:  Undefined variable: products2 in C:\\Apache24\\htdocs\\paginas\\pg_racao.php on line 7, referer: http://localhost:8080/
[Wed Nov 14 00:06:47.939670 2018] [:error] [pid 3628:tid 932] [client ::1:57078] PHP Warning:  Invalid argument supplied for foreach() in C:\\Apache24\\htdocs\\paginas\\pg_racao.php on line 7, referer: http://localhost:8080/
[Wed Nov 14 00:07:32.399032 2018] [:error] [pid 3628:tid 928] [client ::1:57149] script 'C:/Apache24/htdocs/conteudo.php' not found or unable to stat, referer: http://localhost:8080/
[Wed Nov 14 00:07:32.400014 2018] [:error] [pid 3628:tid 932] [client ::1:57148] PHP Notice:  Undefined variable: products2 in C:\\Apache24\\htdocs\\paginas\\pg_racao.php on line 7, referer: http://localhost:8080/
[Wed Nov 14 00:07:32.400014 2018] [:error] [pid 3628:tid 932] [client ::1:57148] PHP Warning:  Invalid argument supplied for foreach() in C:\\Apache24\\htdocs\\paginas\\pg_racao.php on line 7, referer: http://localhost:8080/
[Wed Nov 14 00:13:36.577454 2018] [:error] [pid 3628:tid 932] [client ::1:57673] PHP Notice:  Undefined variable: products2 in C:\\Apache24\\htdocs\\paginas\\pg_racao.php on line 7, referer: http://localhost:8080/
[Wed Nov 14 00:13:36.577454 2018] [:error] [pid 3628:tid 932] [client ::1:57673] PHP Warning:  Invalid argument supplied for foreach() in C:\\Apache24\\htdocs\\paginas\\pg_racao.php on line 7, referer: http://localhost:8080/
[Wed Nov 14 00:13:36.604931 2018] [:error] [pid 3628:tid 912] [client ::1:57669] PHP Notice:  Undefined variable: products2 in C:\\Apache24\\htdocs\\paginas\\pg_racao.php on line 7, referer: http://localhost:8080/
[Wed Nov 14 00:13:36.604931 2018] [:error] [pid 3628:tid 912] [client ::1:57669] PHP Warning:  Invalid argument supplied for foreach() in C:\\Apache24\\htdocs\\paginas\\pg_racao.php on line 7, referer: http://localhost:8080/
